Using CPython 3.11.15
Creating virtual environment at: .venv
Activate with: source .venv/bin/activate
Resolved 10 packages in 1.31s
Downloading networkx (2.0MiB)
Downloading torch (182.9MiB)
Downloading setuptools (1.2MiB)
Downloading sympy (6.0MiB)
 Downloaded setuptools
 Downloaded networkx
 Downloaded sympy
 Downloaded torch
Prepared 10 packages in 5.65s
Installed 10 packages in 1.55s
 + filelock==3.29.0
 + fsspec==2026.4.0
 + jinja2==3.1.6
 + markupsafe==3.0.3
 + mpmath==1.3.0
 + networkx==3.6.1
 + setuptools==78.1.0
 + sympy==1.14.0
 + torch==2.13.0+cpu
 + typing-extensions==4.15.0
Resolved 56 packages in 559ms
Downloading transformers (11.1MiB)
Downloading numpy (16.1MiB)
Downloading pyarrow (47.7MiB)
Downloading aiohttp (1.7MiB)
Downloading pandas (10.8MiB)
 Downloaded aiohttp
 Downloaded pandas
 Downloaded transformers
 Downloaded numpy
 Downloaded pyarrow
Prepared 12 packages in 2.06s
Installed 46 packages in 569ms
 + accelerate==1.14.0
 + aiohappyeyeballs==2.7.1
 + aiohttp==3.14.3
 + aiosignal==1.4.0
 + annotated-doc==0.0.4
 + anyio==4.14.2
 + attrs==26.1.0
 + certifi==2026.7.22
 + charset-normalizer==3.4.9
 + click==8.4.2
 + datasets==5.0.0
 + dill==0.4.1
 + frozenlist==1.8.0
 + h11==0.16.0
 + hf-xet==1.5.2
 + httpcore==1.0.9
 + httpx==0.28.1
 + huggingface-hub==1.24.0
 + idna==3.18
 + markdown-it-py==4.2.0
 + mdurl==0.1.2
 + multidict==6.7.1
 + multiprocess==0.70.19
 + numpy==2.4.6
 + packaging==26.2
 + pandas==3.0.5
 + peft==0.19.1
 + propcache==0.5.2
 + psutil==7.2.2
 + pyarrow==25.0.0
 + pygments==2.20.0
 + python-dateutil==2.9.0.post0
 + pyyaml==6.0.3
 + regex==2026.7.19
 + requests==2.34.2
 + rich==15.0.0
 + safetensors==0.8.0
 + shellingham==1.5.4
 + six==1.17.0
 + tokenizers==0.22.2
 + tqdm==4.69.0
 + transformers==5.14.1
 + typer==0.27.0
 + urllib3==2.7.0
 + xxhash==3.8.1
 + yarl==1.24.5
SETUP_DONE
